// Jest Snapshot v1, https://goo.gl/fbAQLP

exports[`<PasswordReset /> rendering should render correctly 1`] = `
<div
  className="owisp-password-reset-container"
>
  <form
    className="owisp-password-reset-form"
    onSubmit={[Function]}
  >
    <div
      className="owisp-password-reset-header"
    >
      <div
        className="owisp-password-reset-heading"
      >
        reset your password
      </div>
      <div
        className="owisp-password-reset-subheading"
      >
        Forgotten your password? Enter your e-mail address below, and we'll send you an e-mail allowing you to reset it.
      </div>
    </div>
    <div
      className="owisp-password-reset-fieldset"
    >
      <label
        className="owisp-password-reset-label owisp-password-reset-label-email"
        htmlFor="owisp-password-reset-email"
      >
        <div
          className="owisp-password-reset-label-text owisp-password-reset-label-text-email"
        >
          email
        </div>
        <input
          className="owisp-password-reset-input owisp-password-reset-input-email "
          id="owisp-password-reset-email"
          name="email"
          onChange={[Function]}
          pattern=".+@.+\\\\..+"
          placeholder="email address"
          required={true}
          title={null}
          type="email"
          value=""
        />
      </label>
    </div>
    <input
      className="owisp-password-reset-send-btn owisp-btn-primary"
      type="submit"
      value="Reset My Password"
    />
    <div
      className="owisp-password-reset-contact-us"
    >
      Please contact us if you have any trouble resetting your password.
    </div>
    <a
      className="owisp-password-reset-links"
      href="/default/login"
      onClick={[Function]}
    >
      Take me Back to Sign In
    </a>
  </form>
</div>
`;
