// Jest Snapshot v1, https://goo.gl/fbAQLP

exports[`<PasswordReset /> rendering should render correctly 1`] = `
<div
  className="container content"
  id="reset-password"
>
  <div
    className="inner"
  >
    <form
      className="main-column"
      onSubmit={[Function]}
    >
      <p
        className="label"
      >
        Forgotten your password? Enter your e-mail address below, and we'll send you an e-mail allowing you to reset it.
      </p>
      <div
        className="fieldset"
      >
        <div
          className="row email"
        >
          <label
            htmlFor="email"
          >
            email
          </label>
          <input
            className="input "
            id="email"
            name="email"
            onChange={[Function]}
            pattern=".+@.+\\\\..+"
            placeholder="email address"
            required={true}
            title={null}
            type="email"
            value=""
          />
        </div>
        <div
          className="row submit"
        >
          <input
            className="button full"
            type="submit"
            value="Reset My Password"
          />
        </div>
      </div>
      <div
        className="row contact-us"
      >
        Please contact us if you have any trouble resetting your password.
      </div>
      <div
        className="row links"
      >
        <Link
          className="link"
          to="/default/login"
        >
          Take me Back to Sign In
        </Link>
      </div>
    </form>
    <Connect(Contact) />
  </div>
</div>
`;
