// Jest Snapshot v1, https://goo.gl/fbAQLP

exports[`Change Phone Number: standard flow should render successfully 1`] = `
<Provider
  store={
    Object {
      "dispatch": [Function],
      "getState": [Function],
      "subscribe": [Function],
    }
  }
>
  <Router
    history={
      Object {
        "action": "POP",
        "block": [Function],
        "canGo": [Function],
        "createHref": [Function],
        "entries": Array [],
        "go": [Function],
        "goBack": [Function],
        "goForward": [Function],
        "index": 0,
        "length": 1,
        "listen": [Function],
        "location": Object {
          "hash": "",
          "key": "",
          "pathname": "/",
          "search": "",
          "state": undefined,
        },
        "push": [Function],
        "replace": [Function],
      }
    }
  >
    <withRouter(MobilePhoneChange)
      configuration={
        Object {
          "auto_login": true,
          "components": Object {
            "contact_page": Object {
              "email": Object {
                "label": Object {
                  "en": "E-mail",
                },
                "value": Object {
                  "en": "support@openwisp.co",
                },
              },
              "helpdesk": Object {
                "label": Object {
                  "en": "Helpdesk",
                },
                "value": Object {
                  "en": "+789 948 564",
                },
              },
              "social_links": Array [
                Object {
                  "alt": Object {
                    "en": "twitter",
                  },
                  "icon": "twitter.svg",
                  "url": "https://twitter.com/openwisp",
                },
                Object {
                  "alt": Object {
                    "en": "facebook",
                  },
                  "icon": "facebook.svg",
                  "url": "https://facebook.com/openwisp",
                },
              ],
            },
            "mobile_phone_verification_form": Object {
              "buttons": Object {
                "change": Object {
                  "en": "Change your phone number",
                },
                "logout": Object {
                  "en": "Logout",
                },
                "resend": Object {
                  "en": "Send a new verification code",
                },
                "verify": Object {
                  "en": "Submit",
                },
              },
              "input_fields": Object {
                "code": Object {
                  "label": Object {
                    "en": "code",
                  },
                  "pattern": "[0-9]{6,}",
                  "pattern_description": Object {
                    "en": "this field must be a 6 digit numeric code",
                  },
                  "placeholder": Object {
                    "en": "enter SMS verification code",
                  },
                  "type": "text",
                },
              },
              "text": Object {
                "change": Object {
                  "en": "Wrong phone number?",
                },
                "logout": Object {
                  "en": "If you need to cancel the process you can log out below.",
                },
                "resend": Object {
                  "en": "If you did not receive the verification SMS code, you can try sending it again by clicking below.",
                },
                "token_sent": Object {
                  "en": "SMS verification code sent successfully.",
                },
                "verify": Object {
                  "en": "Verify your mobile phone number ({phone_number}) by inserting the code you received via SMS below.",
                },
              },
            },
            "phone_number_change_form": Object {
              "buttons": Object {
                "cancel": Object {
                  "text": Object {
                    "en": "Cancel",
                  },
                },
                "change_phone_number": Object {
                  "text": Object {
                    "en": "Change phone number",
                  },
                },
              },
              "input_fields": Object {
                "phone_number": Object {
                  "country": "it",
                  "label": Object {
                    "en": "moible phone number",
                  },
                  "placeholder": Object {
                    "en": "enter mobile phone number",
                  },
                },
              },
              "text": Object {
                "token_sent": Object {
                  "en": "SMS verification code sent successfully.",
                },
              },
            },
            "registration_form": Object {
              "additional_info_text": Object {
                "en": "By signing up, you accept the {terms_and_conditions} and the {privacy_policy} of this WiFi service. ",
              },
              "buttons": Object {
                "register": Object {
                  "label": null,
                  "text": Object {
                    "en": "sign up",
                  },
                },
              },
              "input_fields": Object {
                "birth_date": Object {
                  "label": Object {
                    "en": "birth date",
                  },
                  "label_optional": Object {
                    "en": "birth date (optional)",
                  },
                  "setting": "disabled",
                  "type": "date",
                },
                "email": Object {
                  "label": Object {
                    "en": "email",
                  },
                  "pattern": ".+@.+\\\\..+",
                  "pattern_description": Object {
                    "en": null,
                  },
                  "placeholder": Object {
                    "en": "email address",
                  },
                  "type": "email",
                },
                "first_name": Object {
                  "label": Object {
                    "en": "first name",
                  },
                  "label_optional": Object {
                    "en": "first name (optional)",
                  },
                  "pattern": "[a-zA-Z@.+\\\\-_\\\\d]{1,150}",
                  "pattern_description": Object {
                    "en": "only letters, numbers, and @/./+/-/_ characters",
                  },
                  "placeholder": Object {
                    "en": "enter first_name",
                  },
                  "setting": "disabled",
                  "type": "text",
                },
                "last_name": Object {
                  "label": Object {
                    "en": "last name",
                  },
                  "label_optional": Object {
                    "en": "last name (optional)",
                  },
                  "pattern": "[a-zA-Z@.+\\\\-_\\\\d]{1,150}",
                  "pattern_description": Object {
                    "en": "only letters, numbers, and @/./+/-/_ characters",
                  },
                  "placeholder": Object {
                    "en": "enter last_name",
                  },
                  "setting": "disabled",
                  "type": "text",
                },
                "location": Object {
                  "label": Object {
                    "en": "location",
                  },
                  "label_optional": Object {
                    "en": "location (optional)",
                  },
                  "pattern": "[a-zA-Z@.+\\\\-_\\\\d]{1,150}",
                  "pattern_description": Object {
                    "en": "only letters, numbers, and @/./+/-/_ characters",
                  },
                  "placeholder": Object {
                    "en": "enter location",
                  },
                  "setting": "disabled",
                  "type": "text",
                },
                "password": Object {
                  "label": Object {
                    "en": "password",
                  },
                  "pattern": ".{6,}",
                  "pattern_description": Object {
                    "en": "password must be a minimum of 6 characters",
                  },
                  "placeholder": Object {
                    "en": "password",
                  },
                  "type": "password",
                },
                "password_confirm": Object {
                  "label": Object {
                    "en": "confirm",
                  },
                  "pattern": null,
                  "pattern_description": Object {
                    "en": null,
                  },
                  "placeholder": Object {
                    "en": "confirm password",
                  },
                  "type": "password",
                },
                "phone_number": Object {
                  "country": "it",
                  "label": Object {
                    "en": "moible phone number",
                  },
                  "placeholder": Object {
                    "en": "enter mobile phone number",
                  },
                },
              },
              "links": Object {
                "login": Object {
                  "en": "Already have an account? Log in",
                },
              },
            },
          },
          "name": "test org 2 (sms)",
          "privacy_policy": Object {
            "content": Object {
              "en": "...",
            },
            "title": Object {
              "en": "privacy policy",
            },
          },
          "settings": Object {
            "mobile_phone_verification": true,
          },
          "slug": "test-org-2",
          "terms_and_conditions": Object {
            "content": Object {
              "en": "...",
            },
            "title": Object {
              "en": "terms and conditions",
            },
          },
        }
      }
      cookies={
        Cookies {
          "HAS_DOCUMENT_COOKIE": true,
          "changeListeners": Array [],
          "cookies": Object {},
        }
      }
      language="en"
      logout={[MockFunction]}
      orgSlug="test-org-2"
      phone_number_change={
        Object {
          "buttons": Object {
            "cancel": Object {
              "text": Object {
                "en": "Cancel",
              },
            },
            "change_phone_number": Object {
              "text": Object {
                "en": "Change phone number",
              },
            },
          },
          "input_fields": Object {
            "phone_number": Object {
              "country": "it",
              "label": Object {
                "en": "moible phone number",
              },
              "placeholder": Object {
                "en": "enter mobile phone number",
              },
            },
          },
          "text": Object {
            "token_sent": Object {
              "en": "SMS verification code sent successfully.",
            },
          },
        }
      }
      setUserData={[MockFunction]}
      settings={
        Object {
          "mobile_phone_verification": true,
        }
      }
      userData={
        Object {
          "is_active": false,
          "phone_number": "+393660011222",
          "radius_user_token": "o6AQLY0aQjD3yuihRKLknTn8krcQwuy2Av6MCsFB",
          "response_code": "AUTH_TOKEN_VALIDATION_SUCCESSFUL",
          "username": "tester@tester.com",
        }
      }
      verifyMobileNumber={
        [MockFunction] {
          "calls": Array [
            Array [
              true,
            ],
          ],
          "results": Array [
            Object {
              "type": "return",
              "value": undefined,
            },
          ],
        }
      }
    >
      <MobilePhoneChange
        configuration={
          Object {
            "auto_login": true,
            "components": Object {
              "contact_page": Object {
                "email": Object {
                  "label": Object {
                    "en": "E-mail",
                  },
                  "value": Object {
                    "en": "support@openwisp.co",
                  },
                },
                "helpdesk": Object {
                  "label": Object {
                    "en": "Helpdesk",
                  },
                  "value": Object {
                    "en": "+789 948 564",
                  },
                },
                "social_links": Array [
                  Object {
                    "alt": Object {
                      "en": "twitter",
                    },
                    "icon": "twitter.svg",
                    "url": "https://twitter.com/openwisp",
                  },
                  Object {
                    "alt": Object {
                      "en": "facebook",
                    },
                    "icon": "facebook.svg",
                    "url": "https://facebook.com/openwisp",
                  },
                ],
              },
              "mobile_phone_verification_form": Object {
                "buttons": Object {
                  "change": Object {
                    "en": "Change your phone number",
                  },
                  "logout": Object {
                    "en": "Logout",
                  },
                  "resend": Object {
                    "en": "Send a new verification code",
                  },
                  "verify": Object {
                    "en": "Submit",
                  },
                },
                "input_fields": Object {
                  "code": Object {
                    "label": Object {
                      "en": "code",
                    },
                    "pattern": "[0-9]{6,}",
                    "pattern_description": Object {
                      "en": "this field must be a 6 digit numeric code",
                    },
                    "placeholder": Object {
                      "en": "enter SMS verification code",
                    },
                    "type": "text",
                  },
                },
                "text": Object {
                  "change": Object {
                    "en": "Wrong phone number?",
                  },
                  "logout": Object {
                    "en": "If you need to cancel the process you can log out below.",
                  },
                  "resend": Object {
                    "en": "If you did not receive the verification SMS code, you can try sending it again by clicking below.",
                  },
                  "token_sent": Object {
                    "en": "SMS verification code sent successfully.",
                  },
                  "verify": Object {
                    "en": "Verify your mobile phone number ({phone_number}) by inserting the code you received via SMS below.",
                  },
                },
              },
              "phone_number_change_form": Object {
                "buttons": Object {
                  "cancel": Object {
                    "text": Object {
                      "en": "Cancel",
                    },
                  },
                  "change_phone_number": Object {
                    "text": Object {
                      "en": "Change phone number",
                    },
                  },
                },
                "input_fields": Object {
                  "phone_number": Object {
                    "country": "it",
                    "label": Object {
                      "en": "moible phone number",
                    },
                    "placeholder": Object {
                      "en": "enter mobile phone number",
                    },
                  },
                },
                "text": Object {
                  "token_sent": Object {
                    "en": "SMS verification code sent successfully.",
                  },
                },
              },
              "registration_form": Object {
                "additional_info_text": Object {
                  "en": "By signing up, you accept the {terms_and_conditions} and the {privacy_policy} of this WiFi service. ",
                },
                "buttons": Object {
                  "register": Object {
                    "label": null,
                    "text": Object {
                      "en": "sign up",
                    },
                  },
                },
                "input_fields": Object {
                  "birth_date": Object {
                    "label": Object {
                      "en": "birth date",
                    },
                    "label_optional": Object {
                      "en": "birth date (optional)",
                    },
                    "setting": "disabled",
                    "type": "date",
                  },
                  "email": Object {
                    "label": Object {
                      "en": "email",
                    },
                    "pattern": ".+@.+\\\\..+",
                    "pattern_description": Object {
                      "en": null,
                    },
                    "placeholder": Object {
                      "en": "email address",
                    },
                    "type": "email",
                  },
                  "first_name": Object {
                    "label": Object {
                      "en": "first name",
                    },
                    "label_optional": Object {
                      "en": "first name (optional)",
                    },
                    "pattern": "[a-zA-Z@.+\\\\-_\\\\d]{1,150}",
                    "pattern_description": Object {
                      "en": "only letters, numbers, and @/./+/-/_ characters",
                    },
                    "placeholder": Object {
                      "en": "enter first_name",
                    },
                    "setting": "disabled",
                    "type": "text",
                  },
                  "last_name": Object {
                    "label": Object {
                      "en": "last name",
                    },
                    "label_optional": Object {
                      "en": "last name (optional)",
                    },
                    "pattern": "[a-zA-Z@.+\\\\-_\\\\d]{1,150}",
                    "pattern_description": Object {
                      "en": "only letters, numbers, and @/./+/-/_ characters",
                    },
                    "placeholder": Object {
                      "en": "enter last_name",
                    },
                    "setting": "disabled",
                    "type": "text",
                  },
                  "location": Object {
                    "label": Object {
                      "en": "location",
                    },
                    "label_optional": Object {
                      "en": "location (optional)",
                    },
                    "pattern": "[a-zA-Z@.+\\\\-_\\\\d]{1,150}",
                    "pattern_description": Object {
                      "en": "only letters, numbers, and @/./+/-/_ characters",
                    },
                    "placeholder": Object {
                      "en": "enter location",
                    },
                    "setting": "disabled",
                    "type": "text",
                  },
                  "password": Object {
                    "label": Object {
                      "en": "password",
                    },
                    "pattern": ".{6,}",
                    "pattern_description": Object {
                      "en": "password must be a minimum of 6 characters",
                    },
                    "placeholder": Object {
                      "en": "password",
                    },
                    "type": "password",
                  },
                  "password_confirm": Object {
                    "label": Object {
                      "en": "confirm",
                    },
                    "pattern": null,
                    "pattern_description": Object {
                      "en": null,
                    },
                    "placeholder": Object {
                      "en": "confirm password",
                    },
                    "type": "password",
                  },
                  "phone_number": Object {
                    "country": "it",
                    "label": Object {
                      "en": "moible phone number",
                    },
                    "placeholder": Object {
                      "en": "enter mobile phone number",
                    },
                  },
                },
                "links": Object {
                  "login": Object {
                    "en": "Already have an account? Log in",
                  },
                },
              },
            },
            "name": "test org 2 (sms)",
            "privacy_policy": Object {
              "content": Object {
                "en": "...",
              },
              "title": Object {
                "en": "privacy policy",
              },
            },
            "settings": Object {
              "mobile_phone_verification": true,
            },
            "slug": "test-org-2",
            "terms_and_conditions": Object {
              "content": Object {
                "en": "...",
              },
              "title": Object {
                "en": "terms and conditions",
              },
            },
          }
        }
        cookies={
          Cookies {
            "HAS_DOCUMENT_COOKIE": true,
            "changeListeners": Array [],
            "cookies": Object {},
          }
        }
        history={
          Object {
            "action": "POP",
            "block": [Function],
            "canGo": [Function],
            "createHref": [Function],
            "entries": Array [],
            "go": [Function],
            "goBack": [Function],
            "goForward": [Function],
            "index": 0,
            "length": 1,
            "listen": [Function],
            "location": Object {
              "hash": "",
              "key": "",
              "pathname": "/",
              "search": "",
              "state": undefined,
            },
            "push": [Function],
            "replace": [Function],
          }
        }
        language="en"
        location={
          Object {
            "hash": "",
            "key": "",
            "pathname": "/",
            "search": "",
            "state": undefined,
          }
        }
        logout={[MockFunction]}
        match={
          Object {
            "isExact": true,
            "params": Object {},
            "path": "/",
            "url": "/",
          }
        }
        orgSlug="test-org-2"
        phone_number_change={
          Object {
            "buttons": Object {
              "cancel": Object {
                "text": Object {
                  "en": "Cancel",
                },
              },
              "change_phone_number": Object {
                "text": Object {
                  "en": "Change phone number",
                },
              },
            },
            "input_fields": Object {
              "phone_number": Object {
                "country": "it",
                "label": Object {
                  "en": "moible phone number",
                },
                "placeholder": Object {
                  "en": "enter mobile phone number",
                },
              },
            },
            "text": Object {
              "token_sent": Object {
                "en": "SMS verification code sent successfully.",
              },
            },
          }
        }
        setUserData={[MockFunction]}
        settings={
          Object {
            "mobile_phone_verification": true,
          }
        }
        userData={
          Object {
            "is_active": false,
            "phone_number": "+393660011222",
            "radius_user_token": "o6AQLY0aQjD3yuihRKLknTn8krcQwuy2Av6MCsFB",
            "response_code": "AUTH_TOKEN_VALIDATION_SUCCESSFUL",
            "username": "tester@tester.com",
          }
        }
        verifyMobileNumber={
          [MockFunction] {
            "calls": Array [
              Array [
                true,
              ],
            ],
            "results": Array [
              Object {
                "type": "return",
                "value": undefined,
              },
            ],
          }
        }
      >
        <div
          className="container content"
          id="mobile-phone-change"
        >
          <div
            className="inner"
          >
            <form
              className="main-column"
              id="mobile-phone-change-form"
              onSubmit={[Function]}
            >
              <div
                className="fieldset row"
              >
                <div
                  className="row phone-number"
                >
                  <label
                    htmlFor="phone-number"
                  >
                    moible phone number
                  </label>
                  <t
                    alwaysDefaultMask={false}
                    areaCodes={null}
                    autoFormat={true}
                    autocompleteSearch={false}
                    buttonClass=""
                    buttonStyle={Object {}}
                    containerClass=""
                    containerStyle={Object {}}
                    copyNumbersOnly={true}
                    country=""
                    countryCodeEditable={true}
                    defaultErrorMessage=""
                    defaultMask="... ... ... ... .."
                    disableCountryCode={false}
                    disableCountryGuess={false}
                    disableDropdown={false}
                    disableInitialCountryGuess={false}
                    disableSearchIcon={false}
                    disabled={false}
                    dropdownClass=""
                    dropdownStyle={Object {}}
                    enableAreaCodeStretch={false}
                    enableAreaCodes={false}
                    enableClickOutside={true}
                    enableLongNumbers={false}
                    enableSearch={false}
                    enableTerritories={false}
                    excludeCountries={Array []}
                    flagsImagePath="./flags.png"
                    inputClass=""
                    inputProps={
                      Object {
                        "className": "form-control input ",
                        "id": "phone-number",
                        "name": "phone_number",
                        "required": true,
                      }
                    }
                    inputStyle={Object {}}
                    isValid={true}
                    jumpCursorToEnd={true}
                    keys={
                      Object {
                        "A": 65,
                        "DOWN": 40,
                        "ENTER": 13,
                        "ESC": 27,
                        "LEFT": 37,
                        "PLUS": 43,
                        "RIGHT": 39,
                        "SPACE": 32,
                        "TAB": 9,
                        "UP": 38,
                        "Z": 90,
                      }
                    }
                    localization={Object {}}
                    masks={null}
                    name="phone_number"
                    onChange={[Function]}
                    onEnterKeyPress={null}
                    onKeyDown={[Function]}
                    onlyCountries={Array []}
                    placeholder="enter mobile phone number"
                    preferredCountries={Array []}
                    prefix="+"
                    preserveOrder={Array []}
                    priority={null}
                    regions=""
                    renderStringAsFlag=""
                    searchClass=""
                    searchNotFound="No entries to show"
                    searchPlaceholder="search"
                    searchStyle={Object {}}
                    showDropdown={false}
                    specialLabel="Phone"
                    value=""
                  >
                    <div
                      className=" react-tel-input"
                      onKeyDown={[Function]}
                      style={Object {}}
                    >
                      <div
                        className="special-label"
                      >
                        Phone
                      </div>
                      <input
                        className="form-control input "
                        disabled={false}
                        id="phone-number"
                        name="phone_number"
                        onBlur={[Function]}
                        onChange={[Function]}
                        onClick={[Function]}
                        onCopy={[Function]}
                        onDoubleClick={[Function]}
                        onFocus={[Function]}
                        onKeyDown={[Function]}
                        placeholder="enter mobile phone number"
                        required={true}
                        style={Object {}}
                        type="tel"
                        value=""
                      />
                      <div
                        className=" flag-dropdown"
                        style={Object {}}
                      >
                        <div
                          aria-haspopup="listbox"
                          className="selected-flag"
                          onClick={[Function]}
                          role="button"
                          tabIndex="0"
                          title=""
                        >
                          <div
                            className="flag 0"
                          >
                            <div
                              className="arrow"
                            />
                          </div>
                        </div>
                      </div>
                    </div>
                  </t>
                </div>
                <input
                  className="button full"
                  type="submit"
                  value="Change phone number"
                />
                <div
                  className="row cancel"
                >
                  <a
                    className="button full"
                    href="/test-org-2/mobile-phone-verification"
                  >
                    Cancel
                  </a>
                </div>
              </div>
            </form>
            <Connect(Contact)>
              <Contact
                contactPage={
                  Object {
                    "email": Object {
                      "label": Object {
                        "en": "E-mail",
                      },
                      "value": Object {
                        "en": "support@openwisp.co",
                      },
                    },
                    "helpdesk": Object {
                      "label": Object {
                        "en": "Helpdesk",
                      },
                      "value": Object {
                        "en": "+789 948 564",
                      },
                    },
                    "social_links": Array [
                      Object {
                        "alt": Object {
                          "en": "twitter",
                        },
                        "icon": "twitter.svg",
                        "url": "https://twitter.com/openwisp",
                      },
                      Object {
                        "alt": Object {
                          "en": "facebook",
                        },
                        "icon": "facebook.svg",
                        "url": "https://facebook.com/openwisp",
                      },
                    ],
                  }
                }
                dispatch={[Function]}
                isAuthenticated={false}
                language="en"
                orgSlug="test-org-2"
              >
                <div
                  className="side-column contact"
                >
                  <div
                    className="inner"
                  >
                    <div
                      className="row"
                    >
                      <span
                        className="label"
                      >
                        E-mail
                        :
                      </span>
                      <a
                        className="link"
                        href="mailto:support@openwisp.co"
                      >
                        support@openwisp.co
                      </a>
                    </div>
                    <div
                      className="row"
                    >
                      <span
                        className="label"
                      >
                        Helpdesk
                        :
                      </span>
                      <a
                        className="link"
                        href="tel:+789 948 564"
                      >
                        +789 948 564
                      </a>
                    </div>
                    <div
                      className="contact-links"
                    >
                      <a
                        className="contact-twitter-link link"
                        href="https://twitter.com/openwisp"
                        key="https://twitter.com/openwisp"
                        rel="noopener noreferrer"
                        target="_blank"
                      >
                        <img
                          alt="twitter"
                          className="contact-twitter-image contact-image"
                          src="/assets/test-org-2/twitter.svg"
                        />
                      </a>
                      <a
                        className="contact-facebook-link link"
                        href="https://facebook.com/openwisp"
                        key="https://facebook.com/openwisp"
                        rel="noopener noreferrer"
                        target="_blank"
                      >
                        <img
                          alt="facebook"
                          className="contact-facebook-image contact-image"
                          src="/assets/test-org-2/facebook.svg"
                        />
                      </a>
                    </div>
                  </div>
                </div>
              </Contact>
            </Connect(Contact)>
          </div>
        </div>
      </MobilePhoneChange>
    </withRouter(MobilePhoneChange)>
  </Router>
</Provider>
`;
