// Jest Snapshot v1, https://goo.gl/fbAQLP

exports[`<MobilePhoneChange /> rendering with placeholder translation tags should render translation placeholder correctly 1`] = `
<div>
  <div
    class="container content"
    id="mobile-phone-change"
  >
    <div
      class="inner"
    >
      <form
        aria-label="mobile phone change form"
        class="main-column"
        id="mobile-phone-change-form"
      >
        <div
          class="inner"
        >
          <div
            class="row phone-number"
          >
            <label
              for="phone-number"
            >
              PHONE_LBL
            </label>
            <input
              class="form-control input"
              id="phone-number"
              name="phoneNumber"
              placeholder="PHONE_PHOLD"
              value=""
            />
          </div>
          <div
            class="row submit"
          >
            <input
              class="button full"
              type="submit"
              value="PHONE_CHANGE_BTN"
            />
          </div>
          <div
            class="row cancel"
          >
            <a
              class="button full"
              href="/default/status"
            >
              CANCEL
            </a>
          </div>
        </div>
      </form>
      <div
        class="side-column contact"
      >
        <div
          class="inner"
        >
          <div
            class="row"
          >
            <span
              class="label"
            >
              EMAIL
              :
            </span>
            <a
              class="link"
              href="mailto:support.org"
            >
              support.org
            </a>
          </div>
          <div
            class="row"
          >
            <span
              class="label"
            >
              HELPDESK
              :
            </span>
            <a
              class="link"
              href="tel:+1234567890"
            >
              +1234567890
            </a>
          </div>
          <div
            class="contact-links"
          />
        </div>
      </div>
    </div>
  </div>
</div>
`;
