// Jest Snapshot v1, https://goo.gl/fbAQLP

exports[`<MobilePhoneVerification /> rendering with placeholder translation tags should render translation placeholder correctly 1`] = `
<div>
  <div
    class="container content"
    id="mobile-phone-verification"
  >
    <div
      class="inner"
    >
      <div
        class="main-column"
      >
        <div
          class="inner"
        >
          <form
            class=""
          >
            <div
              class="row fieldset code"
            >
              <p
                class="label"
              >
                PHONE_VERIFY ()
              </p>
              <div
                class="row"
              >
                <input
                  class="input "
                  id="code"
                  name="code"
                  pattern="^[0-9]{6}$"
                  placeholder="MOBILE_CODE_PHOLD"
                  required=""
                  title="MOBILE_CODE_TITL"
                  type="text"
                  value=""
                />
              </div>
              <button
                class="button full"
                type="submit"
              >
                MOBILE_PHONE_VERIFY
              </button>
            </div>
          </form>
          <div
            class="row fieldset resend"
          >
            <p
              class="label"
            >
              RESEND_TOKEN_LBL
            </p>
            <button
              class="button full"
              type="button"
            >
              RESEND_TOKEN
            </button>
          </div>
          <div
            class="row fieldset change"
          >
            <p
              class="label"
            >
              PHONE_CHANGE_LBL
            </p>
            <a
              class="button full"
              href="/default/change-phone-number"
            >
              PHONE_CHANGE_BTN
            </a>
          </div>
          <div
            class="row fieldset logout"
          >
            <p
              class="label"
            >
              LOGOUT_LBL
            </p>
            <button
              class="button full"
              type="button"
            >
              LOGOUT
            </button>
          </div>
        </div>
      </div>
      <div
        class="side-column contact"
      >
        <div
          class="inner"
        >
          <div
            class="row"
          >
            <span
              class="label"
            >
              EMAIL
              :
            </span>
            <a
              class="link"
              href="mailto:support.org"
            >
              support.org
            </a>
          </div>
          <div
            class="row"
          >
            <span
              class="label"
            >
              HELPDESK
              :
            </span>
            <a
              class="link"
              href="tel:+1234567890"
            >
              +1234567890
            </a>
          </div>
        </div>
      </div>
    </div>
  </div>
</div>
`;
