// Jest Snapshot v1, https://goo.gl/fbAQLP

exports[`<PasswordChange /> rendering should render correctly 1`] = `
<div
  className="container content"
  id="password-change"
>
  <div
    className="inner"
  >
    <form
      className="main-column"
      onSubmit={[Function]}
    >
      <h1>
        Change your password
      </h1>
      <div
        className="row password"
      >
        <label
          htmlFor="password"
        >
          New Password
        </label>
        <input
          className="input"
          id="password"
          name="newPassword1"
          onChange={[Function]}
          pattern=".{6,}"
          placeholder="Your new password"
          required={true}
          title="New password must be a minimum of 6 characters"
          type="password"
          value=""
        />
        <PasswordToggleIcon
          inputRef={
            Object {
              "current": null,
            }
          }
          isVisible={false}
          language="en"
          orgSlug="default"
          parentClassName=""
        />
      </div>
      <div
        className="row password-confirm"
      >
        <label
          htmlFor="password-confirm"
        >
          Confirm new password
        </label>
        <input
          className="input"
          id="password-confirm"
          name="newPassword2"
          onChange={[Function]}
          pattern=".{6,}"
          placeholder="Re-enter new password"
          required={true}
          title="New password must be a minimum of 6 characters"
          type="password"
          value=""
        />
        <PasswordToggleIcon
          inputRef={
            Object {
              "current": null,
            }
          }
          isVisible={false}
          language="en"
          orgSlug="default"
          parentClassName=""
        />
      </div>
      <div
        className="row submit"
      >
        <input
          className="button full"
          type="submit"
          value="Change Password"
        />
      </div>
    </form>
    <Memo(Connect(Contact)) />
  </div>
</div>
`;
