// Jest Snapshot v1, https://goo.gl/fbAQLP

exports[`<PasswordChange /> rendering should render correctly 1`] = `
<React.Fragment>
  <div
    className="owisp-password-change-container"
  >
    <form
      className="owisp-password-change-form"
      onSubmit={[Function]}
    >
      <div
        className="owisp-password-change-form-title"
      >
        Change your password
      </div>
      <React.Fragment>
        <label
          className="owisp-password-change-label owisp-password-change-label-text owisp-password-change-label-password"
          htmlFor="owisp-password-change-password"
        >
          New Password
          <input
            className="owisp-password-change-input owisp-password-change-input-password"
            id="owisp-password-change-password"
            name="newPassword1"
            onChange={[Function]}
            pattern=".{6,}"
            placeholder="Your new password"
            required={true}
            type="password"
            value=""
          />
        </label>
      </React.Fragment>
      <React.Fragment>
        <label
          className="owisp-password-change-label owisp-password-change-label-text owisp-password-change-label-password-confirm"
          htmlFor="owisp-password-change-password-confirm"
        >
          New Password
          <input
            className="owisp-password-change-input owisp-password-change-input-password-confirm"
            id="owisp-password-change-password-confirm"
            name="newPassword2"
            onChange={[Function]}
            placeholder="Re-enter new password"
            required={true}
            title="New password must be a minimum of 6 characters"
            type="password"
            value=""
          />
        </label>
      </React.Fragment>
      <input
        className="owisp-password-change-btn owisp-password-change-btn-submit owisp-btn-primary"
        pattern=".{6,}"
        title="New password must be a minimum of 6 characters"
        type="submit"
        value="Change Password"
      />
    </form>
  </div>
</React.Fragment>
`;
