// Jest Snapshot v1, https://goo.gl/fbAQLP

exports[`<Logout /> rendering should render correctly 1`] = `
<React.Fragment>
  <div
    className="container content"
    id="logout"
  >
    <div
      className="inner"
    >
      <div
        className="main-column w-100"
      >
        <h2>
          Logout Successfull !!!
        </h2>
        <div
          className="links row"
        >
          <Link
            className="button partial"
            onClick={[Function]}
            to="/default/status"
          >
            Login Again
          </Link>
        </div>
      </div>
    </div>
  </div>
</React.Fragment>
`;
