// Jest Snapshot v1, https://goo.gl/fbAQLP

exports[`<Status /> rendering should render correctly 1`] = `
<React.Fragment>
  <div
    className="owisp-status-container"
  >
    <div
      className="owisp-status-inner"
    >
      <div
        className="owisp-status-content-div"
      >
        <div
          className="owisp-status-content-line"
        >
          WiFi Login Successful!
        </div>
        <div
          className="owisp-status-content-line"
        >
          You can now use the internet.
        </div>
        <div
          className="owisp-status-content-line"
        >
          You may leave this page open in case you want to log out.
        </div>
        <Link
          className="owisp-status-link"
          to="/default/change-password/"
        >
          Change your password
        </Link>
        <React.Fragment>
          <input
            className="owisp-status-btn owisp-status-logout-btn owisp-btn-primary "
            id="owisp-status-logout-btn"
            onClick={[Function]}
            type="button"
            value="Logout"
          />
        </React.Fragment>
      </div>
      <div
        className="owisp-status-contact-div"
      >
        <Memo(Connect(Contact)) />
      </div>
    </div>
  </div>
  <React.Fragment>
    <form
      action="http://localhost/"
      className="owisp-auth-hidden"
      id="cp-login-form"
      method="post"
      target="owisp-auth-iframe"
    >
      <input
        name="auth_user"
        readOnly={true}
        type="text"
        value=""
      />
      <input
        name="auth_pass"
        readOnly={true}
        type="text"
        value=""
      />
      <input
        name="zone"
        readOnly={true}
        type="text"
        value="zone_name"
      />
      <input
        name="redirurl"
        readOnly={true}
        type="text"
        value="http://localhost:8080/default/status"
      />
      <input
        name="accept"
        readOnly={true}
        type="text"
        value="accept"
      />
    </form>
    <iframe
      className="owisp-auth-hidden"
      name="owisp-auth-iframe"
      onLoad={[Function]}
      title="owisp-auth-iframe"
    />
  </React.Fragment>
  <React.Fragment>
    <form
      action="http://localhost:8081"
      className="owisp-auth-hidden"
      id="cp-logout-form"
      method="post"
      target="owisp-auth-logout-iframe"
    >
      <input
        name="logout_id"
        readOnly={true}
        type="hidden"
        value=""
      />
    </form>
    <iframe
      className="owisp-auth-hidden"
      name="owisp-auth-logout-iframe"
      onLoad={[Function]}
      title="owisp-auth-iframe"
    />
  </React.Fragment>
</React.Fragment>
`;
