// Jest Snapshot v1, https://goo.gl/fbAQLP

exports[`<Registration /> rendering should render correctly 1`] = `
<React.Fragment>
  <div
    className="owisp-registration-container"
  >
    <div
      className="owisp-registration-container-inner"
    >
      <form
        className="owisp-registration-form "
        onSubmit={[Function]}
      >
        <div
          className="owisp-registration-fieldset"
        >
          <React.Fragment>
            <label
              className="owisp-registration-label owisp-registration-label-username"
              htmlFor="owisp-registration-username"
            >
              <div
                className="owisp-registration-label-text"
              >
                username
              </div>
              <input
                className="owisp-registration-input
                      owisp-registration-input-username
                      "
                id="owisp-registration-username"
                name="username"
                onChange={[Function]}
                pattern="[a-zA-Z@.+\\\\-_\\\\d]{1,150}"
                placeholder="enter username"
                required={true}
                title="only letters, numbers, and @/./+/-/_ characters"
                type="text"
                value=""
              />
            </label>
          </React.Fragment>
          <React.Fragment>
            <label
              className="owisp-registration-label owisp-registration-label-email"
              htmlFor="owisp-registration-email"
            >
              <div
                className="owisp-registration-label-text owisp-registration-label-text-email"
              >
                email
              </div>
              <input
                className="owisp-registration-input owisp-registration-input-email "
                id="owisp-registration-email"
                name="email"
                onChange={[Function]}
                placeholder="email address"
                required={true}
                title={null}
                type="email"
                value=""
              />
            </label>
          </React.Fragment>
          <React.Fragment>
            <label
              className="owisp-registration-label owisp-registration-label-password"
              htmlFor="owisp-registration-password"
            >
              <div
                className="owisp-registration-label-text"
              >
                password
              </div>
              <input
                className="owisp-registration-input owisp-registration-input-password
                      "
                id="owisp-registration-password"
                name="password1"
                onChange={[Function]}
                pattern=".{6,}"
                placeholder="password"
                required={true}
                title="password must be a minimum of 6 characters"
                type="password"
                value=""
              />
            </label>
          </React.Fragment>
          <React.Fragment>
            <label
              className="owisp-registration-label owisp-registration-label-confirm"
              htmlFor="owisp-registration-password-confirm"
            >
              <div
                className="owisp-registration-label-text"
              >
                confirm
              </div>
              <input
                className="owisp-registration-input owisp-registration-input-confirm "
                id="owisp-registration-password-confirm"
                name="password2"
                onChange={[Function]}
                placeholder="confirm password"
                required={true}
                title={null}
                type="password"
                value=""
              />
            </label>
          </React.Fragment>
        </div>
        <div
          className="owisp-registration-add-info"
        >
          By signing up, you accept the 
          <Link
            className="owisp-registration-additional-link"
            to="/default/registration/terms-and-conditions"
          >
            terms and conditions
          </Link>
           and the 
          <Link
            className="owisp-registration-additional-link"
            to="/default/registration/privacy-policy"
          >
            privacy policy
          </Link>
           of this WiFi service. 
        </div>
        <React.Fragment>
          <input
            className="owisp-registration-form-btn owisp-registration-submit-btn"
            id="owisp-registration-submit-btn"
            type="submit"
            value="sign up"
          />
        </React.Fragment>
        <div
          className="owisp-login-links-div"
        >
          <Link
            className="owisp-registration-link"
            to="/default/login"
          >
            Already have an account? Log in
          </Link>
        </div>
      </form>
      <div
        className="owisp-registration-contact-container"
      >
        <Memo(ConnectFunction) />
      </div>
    </div>
  </div>
  <Route
    path="default/registration/:name"
    render={[Function]}
  />
</React.Fragment>
`;
