// Jest Snapshot v1, https://jestjs.io/docs/snapshot-testing

exports[`<Footer /> rendering should render correctly 1`] = `
<div>
  <div
    class="footer-container"
  >
    <div
      class="footer-row-1"
    >
      <div
        class="footer-row-1-inner"
      >
        <a
          class="footer-link "
          href="https://link-1.com"
          rel="noopener noreferrer"
          target="_blank"
        >
          link-1
        </a>
      </div>
    </div>
    <div
      class="footer-row-2"
    >
      <div
        class="footer-row-2-inner"
      >
        after html
      </div>
    </div>
  </div>
</div>
`;

exports[`<Footer /> rendering with placeholder translation tags should render translation placeholder correctly 1`] = `
<div>
  <div
    class="footer-container"
  >
    <div
      class="footer-row-1"
    >
      <div
        class="footer-row-1-inner"
      >
        <a
          class="footer-link "
          href="https://link-1.com"
          rel="noopener noreferrer"
          target="_blank"
        >
          link-1
        </a>
      </div>
    </div>
    <div
      class="footer-row-2"
    >
      <div
        class="footer-row-2-inner"
      >
        after html
      </div>
    </div>
  </div>
</div>
`;
