// Jest Snapshot v1, https://goo.gl/fbAQLP

exports[`<Footer /> rendering should render correctly 1`] = `
<div
  className="footer-container"
>
  <div
    className="footer-row-1"
  >
    <div
      className="footer-row-1-inner"
    >
      <a
        className="footer-link
                  footer-link-1"
        href="https://link-1.com"
        rel="noreferrer noopener"
        target="_blank"
      >
        link-1
      </a>
    </div>
  </div>
  <div
    className="footer-row-2"
  >
    <div
      className="footer-row-2-inner"
    >
       
    </div>
  </div>
</div>
`;
